[zeus2k.pw/index.html]
[backblue.gif]
[fade.gif]
[index.html]
[zeus2k.pw/yt3.ggpht.com/-Vhv0ZWAKA5w/AAAAAAAAAAI/AAAAAAAAAAA/B0yLtBWeIaw/s240-c-k-no-mo-rj-c0xffffff/photo.html]
[zeus2k.pw/444.com.tr/css/bootstrap.min.css]
[zeus2k.pw/444.com.tr/css/style.css]
[zeus2k.pw/444.com.tr/css/normalize.css]
[zeus2k.pw/444.com.tr/css/font-awesome.min.css]
[zeus2k.pw/444.com.tr/css/media.css]
[zeus2k.pw/images/cursor/cursor.cur]
[zeus2k.pw/images/cursor/cursor2.cur]
[zeus2k.pw/music.mp3]
[zeus2k.pw/444.com.tr/js/modernizr.custom.js]
[zeus2k.pw/444.com.tr/js/bootstrap.min.js]
[zeus2k.pw/444.com.tr/js/main.js]
[zeus2k.pw/download/download/autoexec.cfg]
[zeus2k.pw/download/index.html]
[zeus2k.pw/444.com.tr/js/jquery.js]
[zeus2k.pw/videos/samurai.mp4]
[zeus2k.pw/1.mp3]
[zeus2k.pw/index.html]
[zeus2k.pw/444.com.tr/js/plugins.min.js]
[zeus2k.pw/useless/index.html]
[zeus2k.pw/yt3.ggpht.com/-Vhv0ZWAKA5w/AAAAAAAAAAI/AAAAAAAAAAA/B0yLtBWeIaw/s240-c-k-no-mo-rj-c0xffffff/photo.html]
[zeus2k.pw/tempmail/index.html]
[zeus2k.pw/444.com.tr/css/bootstrap.min.css]
[zeus2k.pw/text/index.html]
[zeus2k.pw/444.com.tr/media/overlay.png]
[zeus2k.pw/444.com.tr/media/img1.html]
[zeus2k.pw/444.com.tr/media/video.html]
[zeus2k.pw/444.com.tr/media/img3.html]
[zeus2k.pw/444.com.tr/media/img12.jpg]
[zeus2k.pw/instagram/index.html]
[zeus2k.pw/444.com.tr/media/img5.html]
[zeus2k.pw/444.com.tr/css/style.css]
[zeus2k.pw/444.com.tr/css/normalize.css]
[zeus2k.pw/444.com.tr/css/font-awesome.min.css]
[zeus2k.pw/444.com.tr/css/media.css]
[zeus2k.pw/444.com.tr/media/img2.html]
[zeus2k.pw/download/media/css/style.css]
[zeus2k.pw/download/media/css/style-blue.css]
[zeus2k.pw/download/media/bootstrap/css/bootstrap.min.css]
[maxcdn.bootstrapcdn.com/font-awesome/4.3.0/css/font-awesome.min.css]
[zeus2k.pw/download/media/img/filex@3x.png]
[ajax.googleapis.com/ajax/libs/jquery/1.11.2/jquery.min.js]
[zeus2k.pw/download/index-2.html]
[zeus2k.pw/download/media/js/filex.init.js]
[zeus2k.pw/download/index.html]
[zeus2k.pw/download/media/bootstrap/js/bootstrap.min.js]
[zeus2k.pw/music/index.html]
[zeus2k.pw/download/check-stats/index.html]
[d2v9y0dukr6mq2.cloudfront.net/video/thumbnail/RKwGR4d/cool-neon-motion-background_ej8nabk7g__F0000.png]
[cdnjs.cloudflare.com/ajax/libs/prefixfree/1.0.7/prefixfree.min.js]
[zeus2k.pw/useless/projects/glitch/index.html]
[zeus2k.pw/useless/projects/pacman/index.html]
[zeus2k.pw/useless/index.html]
[zeus2k.pw/useless/projects/3d/index.html]
[zeus2k.pw/useless/js/index.js]
[zeus2k.pw/useless/projects/rain/index.html]
[cdnjs.cloudflare.com/ajax/libs/jquery/3.1.0/jquery.min.js]
[zeus2k.pw/tempmail/css/styles.css]
[zeus2k.pw/useless/projects/blackhole/index.html]
[zeus2k.pw/useless/projects/panda/index.html]
[zeus2k.pw/tempmail/core/JqueryScrollbar/jquery.custom-scrollbar.css]
[stackpath.bootstrapcdn.com/font-awesome/4.7.0/css/font-awesome.min.css]
[maxcdn.bootstrapcdn.com/bootstrap/4.1.0/css/bootstrap.min.css]
[ajax.googleapis.com/ajax/libs/jquery/3.3.1/jquery.min.js]
[cdnjs.cloudflare.com/ajax/libs/popper.js/1.14.0/umd/popper.min.js]
[maxcdn.bootstrapcdn.com/bootstrap/4.1.0/js/bootstrap.min.js]
[zeus2k.pw/tempmail/core/signals.js]
[zeus2k.pw/tempmail/core/hasher.min.js]
[zeus2k.pw/tempmail/core/JqueryScrollbar/jquery.custom-scrollbar.min.js]
[zeus2k.pw/tempmail/images/logo.png]
[zeus2k.pw/tempmail/index.html]
[zeus2k.pw/tempmail/js/scripts.js]
[zeus2k.pw/text/assets/css/styles83a7.css]
[zeus2k.pw/text/assets/js/javascript83a7.js]
[zeus2k.pw/text/assets/img/logo83a7.png]
[zeus2k.pw/text/generate/aesthetic.html]
[zeus2k.pw/text/generate/bold.html]
[zeus2k.pw/text/generate/bold-italic.html]
[zeus2k.pw/text/generate/bold-script.html]
[zeus2k.pw/text/generate/bubble.html]
[zeus2k.pw/text/generate/double-struck.html]
[zeus2k.pw/text/generate/emoji.html]
[zeus2k.pw/text/generate/italic.html]
[zeus2k.pw/text/generate/leet-speek.html]
[zeus2k.pw/text/generate/script.html]
[zeus2k.pw/text/generate/small-capital.html]
[zeus2k.pw/text/generate/square.html]
[zeus2k.pw/text/generate/strike.html]
[zeus2k.pw/text/generate/tilde-strike.html]
[zeus2k.pw/text/generate/discord.html]
[zeus2k.pw/text/generate/underline.html]
[zeus2k.pw/text/generate/upsidedown.html]
[zeus2k.pw/cdn-cgi/l/email-protection.html]
[zeus2k.pw/text/index.html]
[zeus2k.pw/cdn-cgi/scripts/5c5dd728/cloudflare-static/email-decode.min.js]
[zeus2k.pw/instagram/inc/themes/default/assets/css/owl.carousel.min.css]
[zeus2k.pw/instagram/inc/themes/default/assets/images/favicon.ico]
[zeus2k.pw/instagram/inc/themes/default/assets/css/animate.min.css]
[zeus2k.pw/instagram/inc/themes/default/assets/css/font-awesome.min.css]
[zeus2k.pw/instagram/inc/themes/default/assets/css/bootstrap.min.css]
[zeus2k.pw/instagram/inc/themes/default/assets/css/slicknav.min.css]
[zeus2k.pw/instagram/inc/themes/default/assets/css/animation.css]
[zeus2k.pw/instagram/inc/themes/default/assets/css/material-design-iconic-font.min.css]
[zeus2k.pw/instagram/style.css]
[zeus2k.pw/instagram/inc/themes/default/assets/css/responsive.css]
[zeus2k.pw/instagram/inc/themes/default/assets/styles/vendor8326.css]
[zeus2k.pw/instagram/inc/themes/default/assets/styles/main8326.css]
[zeus2k.pw/instagram/inc/themes/default/assets/images/emazingmeme.png]
[zeus2k.pw/instagram/inc/themes/default/assets/img/welcome-img.png]
[zeus2k.pw/instagram/signup.html]
[zeus2k.pw/instagram/inc/themes/default/assets/img/c-logo-1.png]
[zeus2k.pw/instagram/inc/themes/default/assets/img/c-logo-2.png]
[zeus2k.pw/instagram/login.html]
[zeus2k.pw/instagram/inc/themes/default/assets/img/c-logo-3.png]
[zeus2k.pw/instagram/inc/themes/default/assets/img/c-logo-4.png]
[zeus2k.pw/instagram/inc/themes/default/assets/img/c-logo-5.png]
[zeus2k.pw/instagram/inc/themes/default/assets/img/about-left.png]
[zeus2k.pw/instagram/signupc4e2.html]
[zeus2k.pw/instagram/signupe41c.html]
[zeus2k.pw/instagram/signup94f0.html]
[zeus2k.pw/instagram/inc/themes/default/assets/js/popper.js]
[zeus2k.pw/instagram/inc/themes/default/assets/js/jquery-2.2.4.min.js]
[zeus2k.pw/instagram/inc/themes/default/assets/js/wow.min.js]
[zeus2k.pw/instagram/inc/themes/default/assets/js/owl.carousel.min.js]
[zeus2k.pw/instagram/inc/themes/default/assets/js/skrollr.min.js]
[zeus2k.pw/instagram/inc/themes/default/assets/js/bootstrap.min.js]
[zeus2k.pw/instagram/inc/themes/default/assets/js/jquery.slicknav.min.js]
[zeus2k.pw/instagram/inc/themes/default/assets/js/main.js]
[zeus2k.pw/instagram/inc/themes/default/assets/js/particles.min.js]
[zeus2k.pw/instagram/index.html]
[zeus2k.pw/instagram/inc/themes/default/assets/scripts/main8326.js]
[zeus2k.pw/444.com.tr/media/img1.html]
[zeus2k.pw/444.com.tr/media/video.html]
[zeus2k.pw/444.com.tr/media/img3.html]
[zeus2k.pw/444.com.tr/media/img12.html]
[zeus2k.pw/444.com.tr/media/img5.html]
[zeus2k.pw/444.com.tr/media/img2.html]
[zeus2k.pw/download/media/bootstrap/fonts/glyphicons-halflings-regular.eot]
[zeus2k.pw/download/media/bootstrap/fonts/glyphicons-halflings-regular.woff2]
[zeus2k.pw/download/media/bootstrap/fonts/glyphicons-halflings-regulard41d.eot]
[zeus2k.pw/download/media/bootstrap/fonts/glyphicons-halflings-regular.woff]
[zeus2k.pw/instagram/inc/themes/default/assets/scripts/vendor8326.js]
[zeus2k.pw/download/media/bootstrap/css/bootstrap.min.css]
[zeus2k.pw/download/media/bootstrap/fonts/glyphicons-halflings-regular.svg]
[zeus2k.pw/download/media/css/style.css]
[zeus2k.pw/download/media/css/style-blue.css]
[maxcdn.bootstrapcdn.com/font-awesome/4.3.0/css/font-awesome.min.css]
[zeus2k.pw/download/index-2.html]
[pagead2.googlesyndication.com/pagead/js/f.txt]
[zeus2k.pw/download/media/font/Rubik-Regulat.html]
[zeus2k.pw/download/media/bootstrap/fonts/glyphicons-halflings-regular.ttf]
[zeus2k.pw/download/check-stats/index.html]
[zeus2k.pw/useless/projects/glitch/index.html]
[zeus2k.pw/useless/projects/glitch/js/index.js]
[zeus2k.pw/useless/projects/pacman/css/style.css]
[zeus2k.pw/useless/projects/pacman/index.html]
[zeus2k.pw/useless/projects/pacman/js/index.js]
[zeus2k.pw/useless/projects/3d/css/style.css]
[zeus2k.pw/useless/projects/3d/index.html]
[zeus2k.pw/useless/projects/3d/js/index.js]
[zeus2k.pw/useless/projects/rain/css/xezbab.css]
[zeus2k.pw/useless/projects/rain/css/style.css]
[zeus2k.pw/useless/projects/rain/index.html]
[zeus2k.pw/useless/projects/rain/js/index.js]
[zeus2k.pw/useless/projects/rain/js/xezbab.js]
[cdnjs.cloudflare.com/ajax/libs/meyer-reset/2.0/reset.min.css]
[zeus2k.pw/useless/projects/blackhole/css/style.css]
[zeus2k.pw/useless/projects/blackhole/index.html]
[zeus2k.pw/useless/projects/blackhole/js/index.js]
[zeus2k.pw/useless/projects/panda/css/style.css]
[zeus2k.pw/useless/projects/panda/js/index.js]
[zeus2k.pw/useless/projects/panda/index.html]
[zeus2k.pw/tempmail/css/styles.css]
[zeus2k.pw/tempmail/core/JqueryScrollbar/jquery.custom-scrollbar.css]
[stackpath.bootstrapcdn.com/font-awesome/4.7.0/css/font-awesome.min.css]
[maxcdn.bootstrapcdn.com/bootstrap/4.1.0/css/bootstrap.min.css]
[zeus2k.pw/text/assets/img/hero.png]
[zeus2k.pw/text/assets/css/styles83a7.css]
[zeus2k.pw/text/assets/img/hero.svg]
[zeus2k.pw/text/generate/aesthetic.html]
[zeus2k.pw/text/generate/bold.html]
[zeus2k.pw/text/generate/bold-italic.html]
[zeus2k.pw/text/generate/bold-script.html]
[zeus2k.pw/text/generate/bubble.html]
[zeus2k.pw/text/generate/double-struck.html]
[zeus2k.pw/text/generate/emoji.html]
[zeus2k.pw/text/generate/italic.html]
[zeus2k.pw/text/generate/leet-speek.html]
[zeus2k.pw/text/generate/script.html]
[zeus2k.pw/text/generate/small-capital.html]
[zeus2k.pw/text/generate/square.html]
[zeus2k.pw/text/generate/strike.html]
[zeus2k.pw/text/generate/tilde-strike.html]
[zeus2k.pw/text/generate/discord.html]
[zeus2k.pw/text/generate/underline.html]
[zeus2k.pw/text/generate/upsidedown.html]
[zeus2k.pw/cdn-cgi/l/email-protection.html]
[zeus2k.pw/instagram/inc/themes/default/assets/css/owl.video.play.png]
[zeus2k.pw/instagram/inc/themes/default/assets/css/owl.carousel.min.css]
[zeus2k.pw/instagram/inc/themes/default/assets/css/animate.min.css]
[zeus2k.pw/instagram/inc/themes/default/assets/fonts/fontawesome-webfont3e6e.eot]
[cdnjs.cloudflare.com/ajax/libs/three.js/88/three.min.js]
[zeus2k.pw/instagram/inc/themes/default/assets/fonts/fontawesome-webfont3e6e.woff2]
[zeus2k.pw/instagram/inc/themes/default/assets/fonts/fontawesome-webfont3e6e.woff]
[zeus2k.pw/instagram/inc/themes/default/assets/fonts/fontawesome-webfontd41d.eot]
[zeus2k.pw/instagram/inc/themes/default/assets/fonts/fontawesome-webfont3e6e.svg]
[zeus2k.pw/instagram/inc/themes/default/assets/css/font-awesome.min.css]
[zeus2k.pw/instagram/inc/themes/default/assets/css/bootstrap.min.css]
[zeus2k.pw/instagram/inc/themes/default/assets/css/slicknav.min.css]
[zeus2k.pw/instagram/inc/themes/default/assets/css/animation.css]
[zeus2k.pw/instagram/inc/themes/default/assets/fonts/Material-Design-Iconic-Fontd1f1.woff2]
[zeus2k.pw/instagram/inc/themes/default/assets/fonts/Material-Design-Iconic-Fontd1f1.woff]
[zeus2k.pw/instagram/inc/themes/default/assets/css/material-design-iconic-font.min.css]
[zeus2k.pw/instagram/inc/themes/default/assets/img/Group1.png]
[zeus2k.pw/instagram/inc/themes/default/assets/fonts/fontawesome-webfont3e6e.ttf]
[zeus2k.pw/instagram/inc/themes/default/assets/img/about-bg.png]
[zeus2k.pw/instagram/inc/themes/default/assets/img/liveShape-bg.svg]
[zeus2k.pw/instagram/inc/themes/default/assets/img/bg.png]
[zeus2k.pw/instagram/inc/themes/default/assets/img/initial-bg.png]
[zeus2k.pw/instagram/inc/themes/default/assets/img/documentaion-bg.png]
[zeus2k.pw/instagram/inc/themes/default/assets/fonts/Material-Design-Iconic-Fontd1f1.ttf]
[zeus2k.pw/instagram/style.css]
[zeus2k.pw/instagram/inc/themes/default/assets/css/responsive.css]
[zeus2k.pw/instagram/inc/themes/default/assets/fonts/GraphikWeb-Semibold.woff]
[zeus2k.pw/instagram/inc/themes/default/assets/fonts/HILVCCBoing-Semibold.woff]
[zeus2k.pw/instagram/inc/themes/default/assets/fonts/GraphikWeb-Semibold.ttf]
[zeus2k.pw/instagram/inc/themes/default/assets/fonts/HILVCCBoing-Thin.woff]
[zeus2k.pw/instagram/inc/themes/default/assets/fonts/HILVCCBoing-Semibold.ttf]
[zeus2k.pw/instagram/inc/themes/default/assets/fonts/HILVCCBoing-MediumItalic.woff]
[zeus2k.pw/instagram/inc/themes/default/assets/fonts/HILVCCBoing-Thin.ttf]
[zeus2k.pw/instagram/inc/themes/default/assets/fonts/HILVCCBoing-Bold.woff]
[zeus2k.pw/instagram/inc/themes/default/assets/fonts/HILVCCBoing-MediumItalic.ttf]
[zeus2k.pw/instagram/inc/themes/default/assets/fonts/GraphikWeb-Extralight.woff]
[zeus2k.pw/instagram/inc/themes/default/assets/fonts/HILVCCBoing-Bold.ttf]
[zeus2k.pw/instagram/inc/themes/default/assets/fonts/HILVCCBoing-LightItalic.woff]
[zeus2k.pw/instagram/inc/themes/default/assets/fonts/GraphikWeb-Extralight.ttf]
[zeus2k.pw/instagram/inc/themes/default/assets/fonts/GraphikWeb-Regular.woff]
[zeus2k.pw/instagram/inc/themes/default/assets/fonts/HILVCCBoing-LightItalic.ttf]
[zeus2k.pw/instagram/inc/themes/default/assets/fonts/GraphikWeb-BoldItalic.woff]
[zeus2k.pw/instagram/inc/themes/default/assets/fonts/GraphikWeb-Regular.ttf]
[zeus2k.pw/instagram/inc/themes/default/assets/fonts/HILVCCBoing-SemiboldItalic.woff]
[zeus2k.pw/instagram/inc/themes/default/assets/fonts/GraphikWeb-Black.woff]
[zeus2k.pw/instagram/inc/themes/default/assets/fonts/HILVCCBoing-SemiboldItalic.ttf]
[zeus2k.pw/instagram/inc/themes/default/assets/fonts/GraphikWeb-BoldItalic.ttf]
[zeus2k.pw/instagram/inc/themes/default/assets/fonts/GraphikWeb-Thin.woff]
[zeus2k.pw/instagram/inc/themes/default/assets/fonts/GraphikWeb-Black.ttf]
[zeus2k.pw/instagram/inc/themes/default/assets/fonts/GraphikWeb-ExtralightItalic.woff]
[zeus2k.pw/instagram/inc/themes/default/assets/fonts/GraphikWeb-Thin.ttf]
[zeus2k.pw/instagram/inc/themes/default/assets/fonts/GraphikWeb-SuperItalic.woff]
[zeus2k.pw/instagram/inc/themes/default/assets/fonts/GraphikWeb-ExtralightItalic.ttf]
[zeus2k.pw/instagram/inc/themes/default/assets/fonts/GraphikWeb-Extralight_1.woff]
[zeus2k.pw/instagram/inc/themes/default/assets/fonts/GraphikWeb-SuperItalic.ttf]
[zeus2k.pw/instagram/inc/themes/default/assets/fonts/GraphikWeb-SuperItalic_1.woff]
[zeus2k.pw/instagram/inc/themes/default/assets/fonts/GraphikWeb-Extralight_1.ttf]
[zeus2k.pw/instagram/inc/themes/default/assets/fonts/GraphikWeb-MediumItalic.woff]
[zeus2k.pw/instagram/inc/themes/default/assets/fonts/GraphikWeb-SuperItalic_1.ttf]
[zeus2k.pw/instagram/inc/themes/default/assets/fonts/GraphikWeb-Black_1.woff]
[zeus2k.pw/instagram/inc/themes/default/assets/fonts/GraphikWeb-MediumItalic.ttf]
[zeus2k.pw/instagram/inc/themes/default/assets/fonts/HILVCCBoing-Regular.woff]
[zeus2k.pw/instagram/inc/themes/default/assets/fonts/GraphikWeb-Bold.woff]
[zeus2k.pw/instagram/inc/themes/default/assets/fonts/HILVCCBoing-Regular.ttf]
[zeus2k.pw/instagram/inc/themes/default/assets/fonts/GraphikWeb-Black_1.ttf]
[zeus2k.pw/instagram/inc/themes/default/assets/fonts/GraphikWeb-Regular_1.woff]
[zeus2k.pw/instagram/inc/themes/default/assets/fonts/GraphikWeb-Thin_1.woff]
[zeus2k.pw/instagram/inc/themes/default/assets/fonts/GraphikWeb-Bold.ttf]
[zeus2k.pw/instagram/inc/themes/default/assets/fonts/GraphikWeb-Regular_1.ttf]
[zeus2k.pw/instagram/inc/themes/default/assets/fonts/GraphikWeb-RegularItalic.woff]
[zeus2k.pw/instagram/inc/themes/default/assets/fonts/GraphikWeb-Thin_1.ttf]
[zeus2k.pw/instagram/inc/themes/default/assets/fonts/HILVCCBoing-ThinItalic.woff]
[zeus2k.pw/instagram/inc/themes/default/assets/fonts/HILVCCBoing-Medium.woff]
[zeus2k.pw/instagram/inc/themes/default/assets/fonts/HILVCCBoing-ThinItalic.ttf]
[zeus2k.pw/instagram/inc/themes/default/assets/fonts/GraphikWeb-RegularItalic.ttf]
[zeus2k.pw/instagram/inc/themes/default/assets/fonts/GraphikWeb-LightItalic.woff]
[zeus2k.pw/instagram/inc/themes/default/assets/fonts/HILVCCBoing-Medium.ttf]
[zeus2k.pw/instagram/inc/themes/default/assets/fonts/GraphikWeb-BlackItalic.woff]
[zeus2k.pw/instagram/inc/themes/default/assets/fonts/GraphikWeb-LightItalic.ttf]
[zeus2k.pw/instagram/inc/themes/default/assets/fonts/HILVCCBoing-MediumItalic_1.woff]
[zeus2k.pw/instagram/inc/themes/default/assets/fonts/GraphikWeb-Semibold_1.woff]
[zeus2k.pw/instagram/inc/themes/default/assets/fonts/HILVCCBoing-MediumItalic_1.ttf]
[zeus2k.pw/instagram/inc/themes/default/assets/fonts/GraphikWeb-BlackItalic.ttf]
[zeus2k.pw/instagram/inc/themes/default/assets/fonts/HILVCCBoing-BoldItalic.woff]
[zeus2k.pw/instagram/inc/themes/default/assets/fonts/HILVCCBoing-ThinItalic_1.woff]
[zeus2k.pw/instagram/inc/themes/default/assets/fonts/GraphikWeb-Semibold_1.ttf]
[zeus2k.pw/instagram/inc/themes/default/assets/fonts/HILVCCBoing-BoldItalic.ttf]
[zeus2k.pw/instagram/inc/themes/default/assets/fonts/GraphikWeb-MediumItalic_1.woff]
[zeus2k.pw/instagram/inc/themes/default/assets/fonts/HILVCCBoing-ThinItalic_1.ttf]
[zeus2k.pw/instagram/inc/themes/default/assets/fonts/HILVCCBoing-Bold_1.woff]
[zeus2k.pw/instagram/inc/themes/default/assets/fonts/HILVCCBoing-Bold_1.ttf]
[zeus2k.pw/instagram/inc/themes/default/assets/fonts/GraphikWeb-BlackItalic_1.woff]
[zeus2k.pw/instagram/inc/themes/default/assets/fonts/GraphikWeb-MediumItalic_1.ttf]
[zeus2k.pw/instagram/inc/themes/default/assets/fonts/HILVCCBoing-SemiboldItalic_1.woff]
[zeus2k.pw/instagram/inc/themes/default/assets/fonts/HILVCCBoing-SemiboldItalic_1.ttf]
[zeus2k.pw/instagram/inc/themes/default/assets/fonts/GraphikWeb-Super.woff]
[zeus2k.pw/instagram/inc/themes/default/assets/fonts/GraphikWeb-BlackItalic_1.ttf]
[zeus2k.pw/instagram/inc/themes/default/assets/fonts/GraphikWeb-Medium.woff]
[zeus2k.pw/instagram/inc/themes/default/assets/fonts/GraphikWeb-Super.ttf]
[zeus2k.pw/instagram/inc/themes/default/assets/fonts/HILVCCBoing-Light.woff]
[zeus2k.pw/instagram/inc/themes/default/assets/fonts/HILVCCBoing-Medium_1.woff]
[zeus2k.pw/instagram/inc/themes/default/assets/fonts/HILVCCBoing-Light.ttf]
[zeus2k.pw/instagram/inc/themes/default/assets/fonts/GraphikWeb-SemiboldItalic.woff]
[zeus2k.pw/instagram/inc/themes/default/assets/fonts/GraphikWeb-Medium.ttf]
[zeus2k.pw/instagram/inc/themes/default/assets/fonts/HILVCCBoing-Medium_1.ttf]
[zeus2k.pw/instagram/inc/themes/default/assets/fonts/GraphikWeb-Medium_1.woff]
[zeus2k.pw/instagram/inc/themes/default/assets/fonts/GraphikWeb-Light.woff]
[zeus2k.pw/instagram/inc/themes/default/assets/fonts/GraphikWeb-SemiboldItalic.ttf]
[zeus2k.pw/instagram/inc/themes/default/assets/fonts/GraphikWeb-Medium_1.ttf]
[zeus2k.pw/instagram/inc/themes/default/assets/fonts/HILVCCBoing-Light_1.woff]
[zeus2k.pw/instagram/inc/themes/default/assets/fonts/GraphikWeb-Light.ttf]
[zeus2k.pw/instagram/inc/themes/default/assets/fonts/HILVCCBoing-BoldItalic_1.woff]
[zeus2k.pw/instagram/inc/themes/default/assets/fonts/HILVCCBoing-Light_1.ttf]
[zeus2k.pw/instagram/inc/themes/default/assets/fonts/simple-line-icons.woff]
[zeus2k.pw/instagram/inc/themes/default/assets/fonts/simple-line-icons.ttf]
[zeus2k.pw/instagram/inc/themes/default/assets/fonts/GraphikWeb-Light_1.woff]
[zeus2k.pw/instagram/inc/themes/default/assets/fonts/HILVCCBoing-BoldItalic_1.ttf]
[zeus2k.pw/instagram/inc/themes/default/assets/fonts/GraphikWeb-LightItalic_1.woff]
[zeus2k.pw/instagram/inc/themes/default/assets/fonts/GraphikWeb-Light_1.ttf]
[zeus2k.pw/instagram/inc/themes/default/assets/fonts/HILVCCBoing-Regular_1.woff]
[zeus2k.pw/instagram/inc/themes/default/assets/fonts/GraphikWeb-Super_1.woff]
[zeus2k.pw/instagram/inc/themes/default/assets/fonts/HILVCCBoing-Regular_1.ttf]
[zeus2k.pw/instagram/inc/themes/default/assets/fonts/GraphikWeb-LightItalic_1.ttf]
[zeus2k.pw/instagram/inc/themes/default/assets/fonts/HILVCCBoing-Italic.woff]
[zeus2k.pw/instagram/inc/themes/default/assets/fonts/HILVCCBoing-Italic_1.woff]
[zeus2k.pw/instagram/inc/themes/default/assets/fonts/GraphikWeb-Super_1.ttf]
[zeus2k.pw/instagram/inc/themes/default/assets/fonts/HILVCCBoing-Italic.ttf]
[zeus2k.pw/instagram/inc/themes/default/assets/fonts/GraphikWeb-Bold_1.woff]
[zeus2k.pw/instagram/inc/themes/default/assets/fonts/HILVCCBoing-Italic_1.ttf]
[zeus2k.pw/instagram/inc/themes/default/assets/fonts/HILVCCBoing-LightItalic_1.woff]
[zeus2k.pw/instagram/inc/themes/default/assets/fonts/HILVCCBoing-LightItalic_1.ttf]
[zeus2k.pw/instagram/inc/themes/default/assets/fonts/GraphikWeb-ExtralightItalic_1.woff]
[zeus2k.pw/instagram/inc/themes/default/assets/fonts/GraphikWeb-Bold_1.ttf]
[zeus2k.pw/instagram/inc/themes/default/assets/fonts/GraphikWeb-ThinItalic.woff]
[zeus2k.pw/instagram/inc/themes/default/assets/fonts/GraphikWeb-RegularItalic_1.woff]
[zeus2k.pw/instagram/inc/themes/default/assets/fonts/GraphikWeb-ExtralightItalic_1.ttf]
[zeus2k.pw/instagram/inc/themes/default/assets/fonts/GraphikWeb-ThinItalic_1.woff]
[zeus2k.pw/instagram/inc/themes/default/assets/fonts/GraphikWeb-ThinItalic.ttf]
[zeus2k.pw/instagram/inc/themes/default/assets/fonts/GraphikWeb-RegularItalic_1.ttf]
[zeus2k.pw/instagram/inc/themes/default/assets/fonts/GraphikWeb-SemiboldItalic_1.woff]
[zeus2k.pw/instagram/inc/themes/default/assets/fonts/GraphikWeb-BoldItalic_1.woff]
[zeus2k.pw/instagram/inc/themes/default/assets/fonts/GraphikWeb-ThinItalic_1.ttf]
[zeus2k.pw/instagram/inc/themes/default/assets/fonts/GraphikWeb-SemiboldItalic_1.ttf]
[zeus2k.pw/instagram/inc/themes/default/assets/fonts/HILVCCBoing-Semibold_1.woff]
[zeus2k.pw/instagram/inc/themes/default/assets/fonts/HILVCCBoing-Thin_1.woff]
[zeus2k.pw/instagram/inc/themes/default/assets/fonts/HILVCCBoing-Semibold_1.ttf]
[zeus2k.pw/instagram/inc/themes/default/assets/fonts/Simple-Line-Iconsb26c.woff2]
[zeus2k.pw/instagram/inc/themes/default/assets/fonts/HILVCCBoing-Thin_1.ttf]
[zeus2k.pw/instagram/inc/themes/default/assets/fonts/GraphikWeb-BoldItalic_1.ttf]
[zeus2k.pw/instagram/inc/themes/default/assets/fonts/Simple-Line-Iconsb26c.woff]
[zeus2k.pw/instagram/inc/themes/default/assets/fonts/Simple-Line-Iconsb26c.svg]
[zeus2k.pw/instagram/inc/themes/default/assets/fonts/Simple-Line-Iconsb26c.eot]
[zeus2k.pw/instagram/inc/themes/default/assets/fonts/Simple-Line-Iconsb26c.ttf]
[zeus2k.pw/instagram/assets/fonts/materialdesignicons/materialdesignicons-webfontb43a.woff2]
[zeus2k.pw/instagram/assets/fonts/materialdesignicons/materialdesignicons-webfontb43a.woff]
[zeus2k.pw/instagram/assets/fonts/materialdesignicons/materialdesignicons-webfontb43a.eot]
[zeus2k.pw/instagram/assets/fonts/materialdesignicons/materialdesignicons-webfontd41d.eot]
[zeus2k.pw/instagram/inc/themes/default/assets/styles/vendor8326.css]
[zeus2k.pw/instagram/inc/themes/default/assets/images/icons/facebook.svg]
[zeus2k.pw/instagram/inc/themes/default/assets/images/slider.svg]
[zeus2k.pw/instagram/inc/themes/default/assets/styles/main8326.css]
[zeus2k.pw/instagram/recovery.html]
[zeus2k.pw/instagram/login.html]
[zeus2k.pw/instagram/signup.html]
[zeus2k.pw/instagram/signupc4e2.html]
[zeus2k.pw/instagram/signupe41c.html]
[zeus2k.pw/instagram/signup94f0.html]
[zeus2k.pw/download/media/bootstrap/fonts/glyphicons-halflings-regular.svg]
[zeus2k.pw/download/media/font/Rubik-Regulat.html]
[zeus2k.pw/useless/projects/pacman/css/style.css]
[zeus2k.pw/useless/projects/3d/css/style.css]
[zeus2k.pw/useless/projects/rain/css/xezbab.css]
[zeus2k.pw/useless/projects/rain/css/style.css]
[cdnjs.cloudflare.com/ajax/libs/meyer-reset/2.0/reset.min.css]
[zeus2k.pw/useless/projects/blackhole/css/style.css]
[zeus2k.pw/useless/projects/panda/css/style.css]
[zeus2k.pw/text/assets/img/hero.svg]
[zeus2k.pw/instagram/inc/themes/default/assets/css/owl.video.play.html]
[zeus2k.pw/instagram/inc/themes/default/assets/fonts/fontawesome-webfont3e6e.svg]
[zeus2k.pw/instagram/inc/themes/default/assets/img/liveShape-bg.svg]
[zeus2k.pw/instagram/inc/themes/default/assets/fonts/simple-line-icons.html]
[zeus2k.pw/instagram/inc/themes/default/assets/fonts/simple-line-icons-2.html]
[zeus2k.pw/instagram/inc/themes/default/assets/fonts/Simple-Line-Iconsb26c.svg]
[zeus2k.pw/instagram/assets/fonts/materialdesignicons/materialdesignicons-webfontb43a.svg]
[zeus2k.pw/instagram/assets/fonts/materialdesignicons/materialdesignicons-webfontb43a.ttf]
[zeus2k.pw/instagram/assets/fonts/materialdesignicons/materialdesignicons-webfontb43a.svg]
[zeus2k.pw/instagram/inc/themes/default/assets/images/icons/facebook.svg]
[zeus2k.pw/instagram/inc/themes/default/assets/images/slider.svg]
[zeus2k.pw/instagram/recovery.html]
